// Jest Snapshot v1, https://goo.gl/fbAQLP

exports[`render correctly 1`] = `
<nav
  className="nav"
>
  <div
    className="nav__logo"
  />
</nav>
`;
